app/api/admin/employees/route.ts(42,22): error TS2339: Property 'admin' does not exist on type 'InferAPI<{ readonly ok: StrictEndpoint<"/ok", { method: "GET"; metadata: { openapi: { description: string; responses: { "200": { description: string; content: { "application/json": { schema: { type: "object"; properties: { ok: { type: string; description: string; }; }; required: string[]; }; }; }; }; }; }; scope: "s...'.
app/api/admin/employees/route.ts(43,77): error TS2339: Property 'admin' does not exist on type 'InferAPI<{ readonly ok: StrictEndpoint<"/ok", { method: "GET"; metadata: { openapi: { description: string; responses: { "200": { description: string; content: { "application/json": { schema: { type: "object"; properties: { ok: { type: string; description: string; }; }; required: string[]; }; }; }; }; }; }; scope: "s...'.
app/api/admin/employees/route.ts(55,21): error TS2769: No overload matches this call.
  The last overload gave the following error.
    Type '"employee"' is not assignable to type '"admin" | "user" | ("admin" | "user")[] | undefined'.
app/employee/attendance/page.tsx(109,61): error TS18048: 'loc.longitude' is possibly 'undefined'.
debug-auth.ts(8,9): error TS2774: This condition will always return true since this function is always defined. Did you mean to call it instead?
debug-db.ts(11,29): error TS18048: 'db' is possibly 'undefined'.
lib/auth.ts(42,96): error TS2339: Property 'admin' does not exist on type 'InferAPI<{ readonly ok: StrictEndpoint<"/ok", { method: "GET"; metadata: { openapi: { description: string; responses: { "200": { description: string; content: { "application/json": { schema: { type: "object"; properties: { ok: { type: string; description: string; }; }; required: string[]; }; }; }; }; }; }; scope: "s...'.
lib/auth.ts(43,27): error TS2339: Property 'admin' does not exist on type 'InferAPI<{ readonly ok: StrictEndpoint<"/ok", { method: "GET"; metadata: { openapi: { description: string; responses: { "200": { description: string; content: { "application/json": { schema: { type: "object"; properties: { ok: { type: string; description: string; }; }; required: string[]; }; }; }; }; }; }; scope: "s...'.
lib/auth.ts(43,89): error TS2339: Property 'admin' does not exist on type 'InferAPI<{ readonly ok: StrictEndpoint<"/ok", { method: "GET"; metadata: { openapi: { description: string; responses: { "200": { description: string; content: { "application/json": { schema: { type: "object"; properties: { ok: { type: string; description: string; }; }; required: string[]; }; }; }; }; }; }; scope: "s...'.
lib/auth.ts(46,73): error TS2339: Property 'admin' does not exist on type 'InferAPI<{ readonly ok: StrictEndpoint<"/ok", { method: "GET"; metadata: { openapi: { description: string; responses: { "200": { description: string; content: { "application/json": { schema: { type: "object"; properties: { ok: { type: string; description: string; }; }; required: string[]; }; }; }; }; }; }; scope: "s...'.
